// Jest Snapshot v1, https://goo.gl/fbAQLP

exports[`SelectedMoveList renders SelectedMoveList 1`] = `
<div>
  <div
    class="SelectedMoveList__SelectedMoveListStyled-sc-1k4i04h-0 dkcHxq"
  >
    <ul>
      <li>
        <button
          data-testid="listitem-button"
        >
          la prima
        </button>
      </li>
      <li>
        <button
          data-testid="listitem-button"
        >
          sombrero
        </button>
      </li>
    </ul>
  </div>
</div>
`;
