// Jest Snapshot v1, https://goo.gl/fbAQLP

exports[`InputLevel renders Accordion 1`] = `
<div
  class="InputLevel__InputLevelStyled-g2yagl-0 fOwyHI"
  color="var(--color-text)"
>
  <h3>
    <svg>
      arrow_right.svg
    </svg>
     
    <span
      class="level-name"
    >
      level
    </span>
  </h3>
  <ul>
    <li>
      <label
        class=""
      >
        <input
          name="move"
          type="checkbox"
          value="1"
        />
        la prima
      </label>
    </li>
    <li>
      <label
        class=""
      >
        <input
          name="move"
          type="checkbox"
          value="2"
        />
        sombrero
      </label>
    </li>
  </ul>
</div>
`;
